> Task :plugin-sample:preBuild UP-TO-DATE
> Task :plugin-sample:preDebugBuild UP-TO-DATE
> Task :plugin-sample:mergeDebugNativeDebugMetadata NO-SOURCE
> Task :bus-client:preBuild UP-TO-DATE
> Task :bus-client:preDebugBuild UP-TO-DATE
> Task :bus-client:compileDebugAidl UP-TO-DATE
> Task :bus-client:generateDebugResources UP-TO-DATE
> Task :bus-client:packageDebugResources UP-TO-DATE
> Task :bus-client:processDebugNavigationResources UP-TO-DATE
> Task :bus-client:parseDebugLocalResources UP-TO-DATE
> Task :bus-client:generateDebugRFile UP-TO-DATE
> Task :shared:preBuild UP-TO-DATE
> Task :shared:preDebugBuild UP-TO-DATE
> Task :shared:generateDebugResources UP-TO-DATE
> Task :shared:packageDebugResources UP-TO-DATE
> Task :shared:processDebugNavigationResources UP-TO-DATE
> Task :shared:parseDebugLocalResources UP-TO-DATE
> Task :shared:generateDebugRFile UP-TO-DATE
> Task :shared:compileDebugKotlin UP-TO-DATE
> Task :shared:javaPreCompileDebug UP-TO-DATE
> Task :shared:compileDebugJavaWithJavac NO-SOURCE
> Task :shared:bundleLibCompileToJarDebug UP-TO-DATE
> Task :bus-client:compileDebugKotlin UP-TO-DATE
> Task :bus-client:javaPreCompileDebug UP-TO-DATE
> Task :bus-client:compileDebugJavaWithJavac UP-TO-DATE
> Task :bus-client:bundleLibCompileToJarDebug UP-TO-DATE
> Task :plugin-sample:generateDebugResources UP-TO-DATE
> Task :plugin-sample:packageDebugResources UP-TO-DATE
> Task :plugin-sample:processDebugNavigationResources UP-TO-DATE
> Task :plugin-sample:parseDebugLocalResources UP-TO-DATE
> Task :plugin-sample:generateDebugRFile UP-TO-DATE
> Task :plugin-sample:compileDebugKotlin UP-TO-DATE
> Task :plugin-sample:javaPreCompileDebug UP-TO-DATE
> Task :plugin-sample:compileDebugJavaWithJavac NO-SOURCE
> Task :bus-client:generateDebugAssets UP-TO-DATE
> Task :bus-client:mergeDebugAssets UP-TO-DATE
> Task :plugin-sample:generateDebugAssets UP-TO-DATE
> Task :shared:generateDebugAssets UP-TO-DATE
> Task :shared:mergeDebugAssets UP-TO-DATE
> Task :plugin-sample:mergeDebugAssets UP-TO-DATE
> Task :plugin-sample:compressDebugAssets UP-TO-DATE
> Task :plugin-sample:generateDebugGlobalSynthetics UP-TO-DATE
> Task :bus-client:processDebugJavaRes UP-TO-DATE
> Task :plugin-sample:processDebugJavaRes UP-TO-DATE
> Task :shared:processDebugJavaRes UP-TO-DATE
> Task :plugin-sample:mergeDebugJavaResource UP-TO-DATE
> Task :plugin-sample:checkDebugDuplicateClasses UP-TO-DATE
> Task :plugin-sample:desugarDebugFileDependencies UP-TO-DATE
> Task :plugin-sample:mergeExtDexDebug UP-TO-DATE
> Task :bus-client:bundleLibRuntimeToDirDebug UP-TO-DATE
> Task :shared:bundleLibRuntimeToDirDebug UP-TO-DATE
> Task :bus-client:mapDebugSourceSetPaths UP-TO-DATE
> Task :bus-client:compileDebugLibraryResources UP-TO-DATE
> Task :bus-client:writeDebugAarMetadata UP-TO-DATE
> Task :shared:writeDebugAarMetadata UP-TO-DATE
> Task :plugin-sample:checkDebugAarMetadata UP-TO-DATE
> Task :plugin-sample:mergeLibDexDebug UP-TO-DATE
> Task :plugin-sample:mapDebugSourceSetPaths UP-TO-DATE
> Task :plugin-sample:compileDebugNavigationResources UP-TO-DATE
> Task :plugin-sample:mergeDebugResources UP-TO-DATE
> Task :plugin-sample:createDebugCompatibleScreenManifests UP-TO-DATE
> Task :bus-client:extractDeepLinksDebug UP-TO-DATE
> Task :bus-client:processDebugManifest UP-TO-DATE
> Task :plugin-sample:extractDeepLinksDebug UP-TO-DATE
> Task :shared:extractDeepLinksDebug UP-TO-DATE
> Task :shared:processDebugManifest UP-TO-DATE
> Task :plugin-sample:processDebugMainManifest UP-TO-DATE
> Task :plugin-sample:processDebugManifest UP-TO-DATE
> Task :plugin-sample:processDebugManifestForPackage UP-TO-DATE
> Task :shared:mapDebugSourceSetPaths UP-TO-DATE
> Task :shared:compileDebugLibraryResources UP-TO-DATE
> Task :plugin-sample:processDebugResources UP-TO-DATE
> Task :plugin-sample:dexBuilderDebug UP-TO-DATE
> Task :plugin-sample:mergeProjectDexDebug UP-TO-DATE
> Task :bus-client:mergeDebugJniLibFolders UP-TO-DATE
> Task :bus-client:mergeDebugNativeLibs NO-SOURCE
> Task :bus-client:copyDebugJniLibsProjectOnly UP-TO-DATE
> Task :plugin-sample:mergeDebugJniLibFolders UP-TO-DATE
> Task :shared:mergeDebugJniLibFolders UP-TO-DATE
> Task :shared:mergeDebugNativeLibs NO-SOURCE
> Task :shared:copyDebugJniLibsProjectOnly UP-TO-DATE
> Task :plugin-sample:mergeDebugNativeLibs NO-SOURCE
> Task :plugin-sample:stripDebugDebugSymbols NO-SOURCE
> Task :plugin-sample:validateSigningDebug UP-TO-DATE
> Task :plugin-sample:writeDebugAppMetadata UP-TO-DATE
> Task :plugin-sample:writeDebugSigningConfigVersions UP-TO-DATE
> Task :plugin-sample:packageDebug UP-TO-DATE
> Task :plugin-sample:createDebugApkListingFileRedirect UP-TO-DATE
> Task :plugin-sample:assembleDebug UP-TO-DATE

BUILD SUCCESSFUL in 3s
72 actionable tasks: 72 up-to-date
Consider enabling configuration cache to speed up this build: https://docs.gradle.org/9.5.1/userguide/configuration_cache_enabling.html
